Archive member included to satisfy reference by file (symbol)

c:/program files/microchip/xc32/v3.01/bin/bin/../../lib/gcc/pic32c/8.3.1/../../../../pic32c/lib/thumb/v7e-m+fp/hard\libpic32c.a(data_init.o)
                              C:\Users\i14746.LA\AppData\Local\Temp\ccmcu9UW.o (__pic32c_data_initialization)
c:/program files/microchip/xc32/v3.01/bin/bin/../../lib/gcc/pic32c/8.3.1/../../../../pic32c/lib/thumb/v7e-m+fp/hard\libc_nano.a(lib_a-init.o)
                              C:\Users\i14746.LA\AppData\Local\Temp\ccmcu9UW.o (__libc_init_array)

Microchip PIC32 Memory-Usage Report

ROM Program-Memory Usage
section                    address  length [bytes]      (dec)  Description
-------                 ----------  -------------------------  -----------
.vectors                         0          0x260         608   
.text                        0x260           0x20          32  App's exec code 
.text.Reset_Handler          0x280           0x94         148   
.text.__pic32c_data_ini      0x314           0x88         136   
.text                        0x39c           0x64         100  App's exec code 
.dinit                       0x400           0x50          80   
.text.__libc_init_array      0x450           0x48          72   
.text                        0x498           0x68         104  App's exec code 
.text.Dummy_Handler          0x500            0x2           2   
      Total ROM used  :       0x502        1282  0.1% of 0x100000
        --------------------------------------------------------------------------
         Total Program Memory used  :       0x502        1282  0.1% of 0x100000
        --------------------------------------------------------------------------


RAM Data-Memory Usage
section                    address  length [bytes]      (dec)  Description
-------                 ----------  -------------------------  -----------
.bss                    0x20000000           0x1c          28  Uninitialized data 
.data                   0x2000001c            0x4           4  Initialized data 
.bss                    0x20000020            0x4           4  Uninitialized data 
.eh_frame               0x20000024            0x4           4   
.bss                    0x20000028            0x1           1  Uninitialized data 
         Total RAM used  :        0x29          41  0.0% of 0x40000
        --------------------------------------------------------------------------
            Total Data Memory used  :        0x29          41  0.0% of 0x40000
        --------------------------------------------------------------------------


Dynamic Data-Memory Reservation
section                    address  length [bytes]      (dec)  Description
-------                 ----------  -------------------------  -----------
heap                    0x20000030           0x10          16  Reserved for heap 
stack                   0x20000058        0x3ff98      262040  Reserved for stack 

        --------------------------------------------------------------------------

Discarded input sections

 .xc_stack_usage.hdr
                0x00000000        0xe c:/program files/microchip/xc32/v3.01/bin/bin/../../lib/gcc/pic32c/8.3.1/thumb/v7e-m+fp/hard/crti.o
 .xc_stack_usage
                0x00000000       0x26 c:/program files/microchip/xc32/v3.01/bin/bin/../../lib/gcc/pic32c/8.3.1/thumb/v7e-m+fp/hard/crti.o
 .xc_stack_usage
                0x00000000       0x3c c:/program files/microchip/xc32/v3.01/bin/bin/../../lib/gcc/pic32c/8.3.1/thumb/v7e-m+fp/hard/crtbegin.o
 .xc_stack_usage.hdr
                0x00000000        0xe c:/program files/microchip/xc32/v3.01/bin/bin/../../lib/gcc/pic32c/8.3.1/thumb/v7e-m+fp/hard/crtbegin.o
 .xc_stack_usage
                0x00000000       0x2a c:/program files/microchip/xc32/v3.01/bin/bin/../../lib/gcc/pic32c/8.3.1/../../../../pic32c/lib/thumb/v7e-m+fp/hard\libpic32c.a(data_init.o)
 .xc_stack_usage.hdr
                0x00000000        0xe c:/program files/microchip/xc32/v3.01/bin/bin/../../lib/gcc/pic32c/8.3.1/../../../../pic32c/lib/thumb/v7e-m+fp/hard\libpic32c.a(data_init.o)
 .xc_stack_usage
                0x00000000       0x1f c:/program files/microchip/xc32/v3.01/bin/bin/../../lib/gcc/pic32c/8.3.1/../../../../pic32c/lib/thumb/v7e-m+fp/hard\libc_nano.a(lib_a-init.o)
 .xc_stack_usage.hdr
                0x00000000        0xe c:/program files/microchip/xc32/v3.01/bin/bin/../../lib/gcc/pic32c/8.3.1/../../../../pic32c/lib/thumb/v7e-m+fp/hard\libc_nano.a(lib_a-init.o)
 .xc_stack_usage.hdr
                0x00000000        0xe c:/program files/microchip/xc32/v3.01/bin/bin/../../lib/gcc/pic32c/8.3.1/thumb/v7e-m+fp/hard/crtend.o
 .xc_stack_usage.hdr
                0x00000000        0xe c:/program files/microchip/xc32/v3.01/bin/bin/../../lib/gcc/pic32c/8.3.1/thumb/v7e-m+fp/hard/crtn.o

Memory Configuration

Name             Origin             Length             Attributes
rom              0x00000000         0x00100000         xrl
ram              0x20000000         0x00040000         xw !r
tcm              0x03000000         0x00000000         xw
config_00804000  0x00804000         0x00000004
config_00804008  0x00804008         0x00000004
config_00804004  0x00804004         0x00000004
*default*        0x00000000         0xffffffff

Linker script and memory map

LOAD c:/program files/microchip/xc32/v3.01/bin/bin/../../lib/gcc/pic32c/8.3.1/thumb/v7e-m+fp/hard/crti.o
LOAD c:/program files/microchip/xc32/v3.01/bin/bin/../../lib/gcc/pic32c/8.3.1/thumb/v7e-m+fp/hard/crtbegin.o
LOAD build/default/production/newmain.o
                0x00000001                __MPLAB_BUILD = 0x1
LOAD C:\Users\i14746.LA\AppData\Local\Temp\ccmcu9UW.o
START GROUP
LOAD c:/program files/microchip/xc32/v3.01/bin/bin/../../lib/gcc/pic32c/8.3.1/../../../../pic32c/lib/thumb/v7e-m+fp/hard\libpic32c.a
LOAD c:/program files/microchip/xc32/v3.01/bin/bin/../../lib/gcc/pic32c/8.3.1/thumb/v7e-m+fp/hard\libgcc.a
LOAD c:/program files/microchip/xc32/v3.01/bin/bin/../../lib/gcc/pic32c/8.3.1/../../../../pic32c/lib/thumb/v7e-m+fp/hard\libm_nano.a
LOAD c:/program files/microchip/xc32/v3.01/bin/bin/../../lib/gcc/pic32c/8.3.1/../../../../pic32c/lib/thumb/v7e-m+fp/hard\libc_nano.a
END GROUP
LOAD c:/program files/microchip/xc32/v3.01/bin/bin/../../lib/gcc/pic32c/8.3.1/thumb/v7e-m+fp/hard/crtend.o
LOAD c:/program files/microchip/xc32/v3.01/bin/bin/../../lib/gcc/pic32c/8.3.1/thumb/v7e-m+fp/hard/crtn.o
                0x00100000                __rom_end = (ORIGIN (rom) + LENGTH (rom))
                0x20040000                __ram_end = (ORIGIN (ram) + LENGTH (ram))

.config_00804000
 *(.config_00804000)

.config_00804008
 *(.config_00804008)

.config_00804004
 *(.config_00804004)

.vectors        0x00000000      0x260
                0x00000000                . = ALIGN (0x4)
                0x00000000                _sfixed = .
 *(.vectors .vectors.* .vectors_default .vectors_default.*)
 .vectors.default
                0x00000000      0x260 C:\Users\i14746.LA\AppData\Local\Temp\ccmcu9UW.o
                0x00000000                exception_table
 *(.isr_vector)
 *(.reset*)
 *(.after_vectors)

.text           0x00000260       0x20
                0x00000260                . = ALIGN (0x4)
 *(.glue_7t)
 .glue_7t       0x00000260        0x0 linker stubs
 *(.glue_7)
 .glue_7        0x00000260        0x0 linker stubs
 *(.gnu.linkonce.r.*)
 *(.ARM.extab* .gnu.linkonce.armextab.*)
                0x00000260                . = ALIGN (0x4)
 *(.init)
 .init          0x00000260        0x4 c:/program files/microchip/xc32/v3.01/bin/bin/../../lib/gcc/pic32c/8.3.1/thumb/v7e-m+fp/hard/crti.o
                0x00000260                _init
 .init          0x00000264        0x8 c:/program files/microchip/xc32/v3.01/bin/bin/../../lib/gcc/pic32c/8.3.1/thumb/v7e-m+fp/hard/crtn.o
                0x0000026c                . = ALIGN (0x4)
                0x0000026c                __preinit_array_start = .
 *(.preinit_array)
                0x0000026c                __preinit_array_end = .
                0x0000026c                . = ALIGN (0x4)
                0x0000026c                __init_array_start = .
 *(SORT_BY_NAME(.init_array.*))
 *(.init_array)
 .init_array    0x0000026c        0x4 c:/program files/microchip/xc32/v3.01/bin/bin/../../lib/gcc/pic32c/8.3.1/thumb/v7e-m+fp/hard/crtbegin.o
                0x00000270                __init_array_end = .
                0x00000270                . = ALIGN (0x4)
 *crtbegin.o(.ctors)
 *(EXCLUDE_FILE(*crtend.o) .ctors)
 *(SORT_BY_NAME(.ctors.*))
 *crtend.o(.ctors)
                0x00000270                . = ALIGN (0x4)
 *(.fini)
 .fini          0x00000270        0x4 c:/program files/microchip/xc32/v3.01/bin/bin/../../lib/gcc/pic32c/8.3.1/thumb/v7e-m+fp/hard/crti.o
                0x00000270                _fini
 .fini          0x00000274        0x8 c:/program files/microchip/xc32/v3.01/bin/bin/../../lib/gcc/pic32c/8.3.1/thumb/v7e-m+fp/hard/crtn.o
                0x0000027c                . = ALIGN (0x4)
                0x0000027c                __fini_array_start = .
 *(.fini_array)
 .fini_array    0x0000027c        0x4 c:/program files/microchip/xc32/v3.01/bin/bin/../../lib/gcc/pic32c/8.3.1/thumb/v7e-m+fp/hard/crtbegin.o
 *(SORT_BY_NAME(.fini_array.*))
                0x00000280                __fini_array_end = .
 *crtbegin.o(.dtors)
 *(EXCLUDE_FILE(*crtend.o) .dtors)
 *(SORT_BY_NAME(.dtors.*))
 *crtend.o(.dtors)
                0x00000280                . = ALIGN (0x4)
                0x00000280                _efixed = .
                [!provide]                PROVIDE (__exidx_start = .)

.ARM.exidx
 *(.ARM.exidx* .gnu.linkonce.armexidx.*)
                [!provide]                PROVIDE (__exidx_end = .)
                0x00000280                . = ALIGN (0x4)
                0x00000280                _etext = .

.bss            0x20000000        0x0
                0x20000000                . = ALIGN (0x4)
                0x20000000                __bss_start__ = .
                0x20000000                _sbss = .
                0x20000000                _szero = .
 *(COMMON)
                0x20000000                . = ALIGN (0x4)
                0x20000000                __bss_end__ = .
                0x20000000                _ebss = .
                0x20000000                _ezero = .
                0x20000000                . = ALIGN (0x4)
                0x20000000                _end = .
                0x2003ffff                _ram_end_ = ((ORIGIN (ram) + LENGTH (ram)) - 0x1)
OUTPUT(dist/default/production/same51.X.production.elf elf32-littlearm)
LOAD stack
LOAD data_init

.ARM.attributes
                0x00000000       0x32
 .ARM.attributes
                0x00000000       0x1e c:/program files/microchip/xc32/v3.01/bin/bin/../../lib/gcc/pic32c/8.3.1/thumb/v7e-m+fp/hard/crti.o
 .ARM.attributes
                0x0000001e       0x34 c:/program files/microchip/xc32/v3.01/bin/bin/../../lib/gcc/pic32c/8.3.1/thumb/v7e-m+fp/hard/crtbegin.o
 .ARM.attributes
                0x00000052       0x34 build/default/production/newmain.o
 .ARM.attributes
                0x00000086       0x34 C:\Users\i14746.LA\AppData\Local\Temp\ccmcu9UW.o
 .ARM.attributes
                0x000000ba       0x34 c:/program files/microchip/xc32/v3.01/bin/bin/../../lib/gcc/pic32c/8.3.1/../../../../pic32c/lib/thumb/v7e-m+fp/hard\libpic32c.a(data_init.o)
 .ARM.attributes
                0x000000ee       0x34 c:/program files/microchip/xc32/v3.01/bin/bin/../../lib/gcc/pic32c/8.3.1/../../../../pic32c/lib/thumb/v7e-m+fp/hard\libc_nano.a(lib_a-init.o)
 .ARM.attributes
                0x00000122       0x32 c:/program files/microchip/xc32/v3.01/bin/bin/../../lib/gcc/pic32c/8.3.1/thumb/v7e-m+fp/hard/crtend.o
 .ARM.attributes
                0x00000154       0x1e c:/program files/microchip/xc32/v3.01/bin/bin/../../lib/gcc/pic32c/8.3.1/thumb/v7e-m+fp/hard/crtn.o

.comment        0x00000000       0x53
 .comment       0x00000000       0x53 c:/program files/microchip/xc32/v3.01/bin/bin/../../lib/gcc/pic32c/8.3.1/thumb/v7e-m+fp/hard/crtbegin.o
                                 0x54 (size before relaxing)
 .comment       0x00000053       0x54 build/default/production/newmain.o
 .comment       0x00000053       0x54 C:\Users\i14746.LA\AppData\Local\Temp\ccmcu9UW.o
 .comment       0x00000053       0x54 c:/program files/microchip/xc32/v3.01/bin/bin/../../lib/gcc/pic32c/8.3.1/../../../../pic32c/lib/thumb/v7e-m+fp/hard\libpic32c.a(data_init.o)
 .comment       0x00000053       0x54 c:/program files/microchip/xc32/v3.01/bin/bin/../../lib/gcc/pic32c/8.3.1/../../../../pic32c/lib/thumb/v7e-m+fp/hard\libc_nano.a(lib_a-init.o)
 .comment       0x00000053       0x54 c:/program files/microchip/xc32/v3.01/bin/bin/../../lib/gcc/pic32c/8.3.1/thumb/v7e-m+fp/hard/crtend.o

.debug_info     0x00000000     0x11f9
 .debug_info    0x00000000      0xf2c build/default/production/newmain.o
 .debug_info    0x00000f2c      0x2cd c:/program files/microchip/xc32/v3.01/bin/bin/../../lib/gcc/pic32c/8.3.1/../../../../pic32c/lib/thumb/v7e-m+fp/hard\libpic32c.a(data_init.o)

.debug_abbrev   0x00000000      0x22e
 .debug_abbrev  0x00000000      0x200 build/default/production/newmain.o
 .debug_abbrev  0x00000200       0x2e c:/program files/microchip/xc32/v3.01/bin/bin/../../lib/gcc/pic32c/8.3.1/../../../../pic32c/lib/thumb/v7e-m+fp/hard\libpic32c.a(data_init.o)

.debug_loc      0x00000000       0xa8
 .debug_loc     0x00000000       0x94 build/default/production/newmain.o
 .debug_loc     0x00000094       0x14 c:/program files/microchip/xc32/v3.01/bin/bin/../../lib/gcc/pic32c/8.3.1/../../../../pic32c/lib/thumb/v7e-m+fp/hard\libpic32c.a(data_init.o)

.debug_aranges  0x00000000       0x40
 .debug_aranges
                0x00000000       0x20 build/default/production/newmain.o
 .debug_aranges
                0x00000020       0x20 c:/program files/microchip/xc32/v3.01/bin/bin/../../lib/gcc/pic32c/8.3.1/../../../../pic32c/lib/thumb/v7e-m+fp/hard\libpic32c.a(data_init.o)

.debug_line     0x00000000      0x25f
 .debug_line    0x00000000      0x14f build/default/production/newmain.o
 .debug_line    0x0000014f      0x110 c:/program files/microchip/xc32/v3.01/bin/bin/../../lib/gcc/pic32c/8.3.1/../../../../pic32c/lib/thumb/v7e-m+fp/hard\libpic32c.a(data_init.o)

.debug_str      0x00000000        0xe
 .debug_str     0x00000000        0xe build/default/production/newmain.o
 .debug_str     0x0000000e        0x0 c:/program files/microchip/xc32/v3.01/bin/bin/../../lib/gcc/pic32c/8.3.1/../../../../pic32c/lib/thumb/v7e-m+fp/hard\libpic32c.a(data_init.o)

.debug_frame    0x00000000       0x90
 .debug_frame   0x00000000       0x58 build/default/production/newmain.o
 .debug_frame   0x00000058       0x38 c:/program files/microchip/xc32/v3.01/bin/bin/../../lib/gcc/pic32c/8.3.1/../../../../pic32c/lib/thumb/v7e-m+fp/hard\libpic32c.a(data_init.o)

.debug_ranges   0x00000000       0x10
 .debug_ranges  0x00000000       0x10 c:/program files/microchip/xc32/v3.01/bin/bin/../../lib/gcc/pic32c/8.3.1/../../../../pic32c/lib/thumb/v7e-m+fp/hard\libpic32c.a(data_init.o)

.stack          0x20000058      0x100
 .stack         0x20000058      0x100 stack

.bss%1          0x20000000       0x1c
 .bss           0x20000000       0x1c c:/program files/microchip/xc32/v3.01/bin/bin/../../lib/gcc/pic32c/8.3.1/thumb/v7e-m+fp/hard/crtbegin.o

.data%2         0x2000001c        0x4
 .data          0x2000001c        0x4 c:/program files/microchip/xc32/v3.01/bin/bin/../../lib/gcc/pic32c/8.3.1/thumb/v7e-m+fp/hard/crtbegin.o
                0x2000001c                __dso_handle

.bss%3          0x20000020        0x4
 .bss           0x20000020        0x4 c:/program files/microchip/xc32/v3.01/bin/bin/../../lib/gcc/pic32c/8.3.1/../../../../pic32c/lib/thumb/v7e-m+fp/hard\libpic32c.a(data_init.o)

.eh_frame%4     0x20000024        0x4
 .eh_frame      0x20000024        0x4 c:/program files/microchip/xc32/v3.01/bin/bin/../../lib/gcc/pic32c/8.3.1/thumb/v7e-m+fp/hard/crtend.o

.bss%5          0x20000028        0x1
 .bss           0x20000028        0x1 C:\Users\i14746.LA\AppData\Local\Temp\ccmcu9UW.o

.bss%z1         0x00000000        0x0
 .bss           0x00000000        0x0 c:/program files/microchip/xc32/v3.01/bin/bin/../../lib/gcc/pic32c/8.3.1/thumb/v7e-m+fp/hard/crtn.o

.data%z2        0x00000000        0x0
 .data          0x00000000        0x0 c:/program files/microchip/xc32/v3.01/bin/bin/../../lib/gcc/pic32c/8.3.1/thumb/v7e-m+fp/hard/crtn.o

.bss%z3         0x00000000        0x0
 .bss           0x00000000        0x0 c:/program files/microchip/xc32/v3.01/bin/bin/../../lib/gcc/pic32c/8.3.1/thumb/v7e-m+fp/hard/crtend.o

.data%z4        0x00000000        0x0
 .data          0x00000000        0x0 c:/program files/microchip/xc32/v3.01/bin/bin/../../lib/gcc/pic32c/8.3.1/thumb/v7e-m+fp/hard/crtend.o

.bss%z5         0x00000000        0x0
 .bss           0x00000000        0x0 c:/program files/microchip/xc32/v3.01/bin/bin/../../lib/gcc/pic32c/8.3.1/../../../../pic32c/lib/thumb/v7e-m+fp/hard\libc_nano.a(lib_a-init.o)

.data%z6        0x00000000        0x0
 .data          0x00000000        0x0 c:/program files/microchip/xc32/v3.01/bin/bin/../../lib/gcc/pic32c/8.3.1/../../../../pic32c/lib/thumb/v7e-m+fp/hard\libc_nano.a(lib_a-init.o)

.data%z7        0x00000000        0x0
 .data          0x00000000        0x0 c:/program files/microchip/xc32/v3.01/bin/bin/../../lib/gcc/pic32c/8.3.1/../../../../pic32c/lib/thumb/v7e-m+fp/hard\libpic32c.a(data_init.o)

.data%z8        0x00000000        0x0
 .data          0x00000000        0x0 C:\Users\i14746.LA\AppData\Local\Temp\ccmcu9UW.o

.bss%z9         0x00000000        0x0
 .bss           0x00000000        0x0 build/default/production/newmain.o

.data%z10       0x00000000        0x0
 .data          0x00000000        0x0 build/default/production/newmain.o

.eh_frame%z11   0x00000000        0x0
 .eh_frame      0x00000000        0x0 c:/program files/microchip/xc32/v3.01/bin/bin/../../lib/gcc/pic32c/8.3.1/thumb/v7e-m+fp/hard/crtbegin.o

.bss%z12        0x00000000        0x0
 .bss           0x00000000        0x0 c:/program files/microchip/xc32/v3.01/bin/bin/../../lib/gcc/pic32c/8.3.1/thumb/v7e-m+fp/hard/crti.o

.data%z13       0x00000000        0x0
 .data          0x00000000        0x0 c:/program files/microchip/xc32/v3.01/bin/bin/../../lib/gcc/pic32c/8.3.1/thumb/v7e-m+fp/hard/crti.o

.text.Reset_Handler%6
                0x00000280       0x94
 .text.Reset_Handler
                0x00000280       0x94 C:\Users\i14746.LA\AppData\Local\Temp\ccmcu9UW.o
                0x00000280                Reset_Handler

.text.__pic32c_data_initialization%7
                0x00000314       0x88
 .text.__pic32c_data_initialization
                0x00000314       0x88 c:/program files/microchip/xc32/v3.01/bin/bin/../../lib/gcc/pic32c/8.3.1/../../../../pic32c/lib/thumb/v7e-m+fp/hard\libpic32c.a(data_init.o)
                0x00000314                __pic32c_data_initialization

.text%8         0x0000039c       0x64
 .text          0x0000039c       0x64 build/default/production/newmain.o
                0x0000039c                main
                0x000003dc                add

.dinit%9        0x00000400       0x50
 .dinit         0x00000400       0x50 data_init

.text.__libc_init_array%10
                0x00000450       0x48
 .text.__libc_init_array
                0x00000450       0x48 c:/program files/microchip/xc32/v3.01/bin/bin/../../lib/gcc/pic32c/8.3.1/../../../../pic32c/lib/thumb/v7e-m+fp/hard\libc_nano.a(lib_a-init.o)
                0x00000450                __libc_init_array

.text%11        0x00000498       0x68
 .text          0x00000498       0x40 c:/program files/microchip/xc32/v3.01/bin/bin/../../lib/gcc/pic32c/8.3.1/thumb/v7e-m+fp/hard/crtbegin.o
 .text          0x000004d8       0x28 C:\Users\i14746.LA\AppData\Local\Temp\ccmcu9UW.o

.text.Dummy_Handler%13
                0x00000500        0x2
 .text.Dummy_Handler
                0x00000500        0x2 C:\Users\i14746.LA\AppData\Local\Temp\ccmcu9UW.o
                0x00000500                EIC_EXTINT_9_Handler
                0x00000500                TCC0_MC5_Handler
                0x00000500                SVCall_Handler
                0x00000500                USB_SOF_HSOF_Handler
                0x00000500                SERCOM0_2_Handler
                0x00000500                TCC4_OTHER_Handler
                0x00000500                TCC2_MC2_Handler
                0x00000500                EVSYS_0_Handler
                0x00000500                TRNG_Handler
                0x00000500                HardFault_Handler
                0x00000500                TC2_Handler
                0x00000500                USB_TRCPT0_Handler
                0x00000500                DAC_OTHER_Handler
                0x00000500                AC_Handler
                0x00000500                DAC_EMPTY_0_Handler
                0x00000500                DMAC_OTHER_Handler
                0x00000500                EIC_EXTINT_5_Handler
                0x00000500                SERCOM3_1_Handler
                0x00000500                SysTick_Handler
                0x00000500                SERCOM4_OTHER_Handler
                0x00000500                SERCOM3_2_Handler
                0x00000500                EIC_EXTINT_6_Handler
                0x00000500                PendSV_Handler
                0x00000500                TCC4_MC0_Handler
                0x00000500                EVSYS_3_Handler
                0x00000500                QSPI_Handler
                0x00000500                NonMaskableInt_Handler
                0x00000500                TCC2_MC0_Handler
                0x00000500                PDEC_OTHER_Handler
                0x00000500                TCC3_MC0_Handler
                0x00000500                PDEC_MC1_Handler
                0x00000500                Reserved74_Handler
                0x00000500                TCC2_MC1_Handler
                0x00000500                OSCCTRL_XOSC1_Handler
                0x00000500                PDEC_MC0_Handler
                0x00000500                EIC_EXTINT_4_Handler
                0x00000500                Reserved73_Handler
                0x00000500                EIC_EXTINT_7_Handler
                0x00000500                SERCOM0_OTHER_Handler
                0x00000500                EVSYS_OTHER_Handler
                0x00000500                Reserved72_Handler
                0x00000500                SERCOM0_0_Handler
                0x00000500                RTC_Handler
                0x00000500                UsageFault_Handler
                0x00000500                SERCOM4_0_Handler
                0x00000500                TCC1_MC0_Handler
                0x00000500                SERCOM1_OTHER_Handler
                0x00000500                TCC2_OTHER_Handler
                0x00000500                EIC_EXTINT_11_Handler
                0x00000500                SUPC_BODDET_Handler
                0x00000500                Reserved43_Handler
                0x00000500                EIC_EXTINT_14_Handler
                0x00000500                OSC32KCTRL_Handler
                0x00000500                EVSYS_1_Handler
                0x00000500                TCC4_MC1_Handler
                0x00000500                DMAC_0_Handler
                0x00000500                SUPC_OTHER_Handler
                0x00000500                WDT_Handler
                0x00000500                CAN0_Handler
                0x00000500                EIC_EXTINT_15_Handler
                0x00000500                EIC_EXTINT_1_Handler
                0x00000500                TCC3_MC1_Handler
                0x00000500                SERCOM5_0_Handler
                0x00000500                TC4_Handler
                0x00000500                TC1_Handler
                0x00000500                TCC1_MC1_Handler
                0x00000500                EIC_EXTINT_0_Handler
                0x00000500                TCC1_OTHER_Handler
                0x00000500                PAC_Handler
                0x00000500                Reserved71_Handler
                0x00000500                SERCOM4_1_Handler
                0x00000500                TC3_Handler
                0x00000500                Dummy_Handler
                0x00000500                DAC_RESRDY_0_Handler
                0x00000500                SERCOM5_1_Handler
                0x00000500                DMAC_2_Handler
                0x00000500                TCC0_MC4_Handler
                0x00000500                USB_TRCPT1_Handler
                0x00000500                SERCOM0_1_Handler
                0x00000500                TCC0_MC3_Handler
                0x00000500                EIC_EXTINT_12_Handler
                0x00000500                OSCCTRL_DPLL0_Handler
                0x00000500                SERCOM5_OTHER_Handler
                0x00000500                PM_Handler
                0x00000500                OSCCTRL_DFLL_Handler
                0x00000500                Reserved84_Handler
                0x00000500                DAC_RESRDY_1_Handler
                0x00000500                DMAC_1_Handler
                0x00000500                USB_OTHER_Handler
                0x00000500                CAN1_Handler
                0x00000500                Reserved42_Handler
                0x00000500                TCC0_OTHER_Handler
                0x00000500                EIC_EXTINT_10_Handler
                0x00000500                TCC1_MC3_Handler
                0x00000500                OSCCTRL_XOSC0_Handler
                0x00000500                Reserved44_Handler
                0x00000500                TCC0_MC0_Handler
                0x00000500                EIC_EXTINT_2_Handler
                0x00000500                SDHC0_Handler
                0x00000500                SERCOM1_1_Handler
                0x00000500                I2S_Handler
                0x00000500                PCC_Handler
                0x00000500                TCC3_OTHER_Handler
                0x00000500                EIC_EXTINT_13_Handler
                0x00000500                SERCOM1_0_Handler
                0x00000500                PUKCC_Handler
                0x00000500                SERCOM2_1_Handler
                0x00000500                SERCOM1_2_Handler
                0x00000500                SERCOM3_0_Handler
                0x00000500                SERCOM4_2_Handler
                0x00000500                TCC1_MC2_Handler
                0x00000500                ADC1_RESRDY_Handler
                0x00000500                NVMCTRL_1_Handler
                0x00000500                SERCOM5_2_Handler
                0x00000500                Reserved113_Handler
                0x00000500                Reserved70_Handler
                0x00000500                SERCOM2_2_Handler
                0x00000500                DAC_EMPTY_1_Handler
                0x00000500                ADC1_OTHER_Handler
                0x00000500                EIC_EXTINT_3_Handler
                0x00000500                OSCCTRL_DPLL1_Handler
                0x00000500                SERCOM3_OTHER_Handler
                0x00000500                EIC_EXTINT_8_Handler
                0x00000500                NVMCTRL_0_Handler
                0x00000500                ADC0_RESRDY_Handler
                0x00000500                Reserved114_Handler
                0x00000500                ADC0_OTHER_Handler
                0x00000500                MCLK_Handler
                0x00000500                EVSYS_2_Handler
                0x00000500                Reserved75_Handler
                0x00000500                SERCOM2_OTHER_Handler
                0x00000500                BusFault_Handler
                0x00000500                Reserved76_Handler
                0x00000500                FREQM_Handler
                0x00000500                TC0_Handler
                0x00000500                MemoryManagement_Handler
                0x00000500                TCC0_MC1_Handler
                0x00000500                DMAC_3_Handler
                0x00000500                DebugMonitor_Handler
                0x00000500                RAMECC_Handler
                0x00000500                TC5_Handler
                0x00000500                SERCOM2_0_Handler
                0x00000500                ICM_Handler
                0x00000500                AES_Handler
                0x00000500                TCC0_MC2_Handler
                0x00000500                Reserved77_Handler

.text%z14       0x00000000        0x0
 .text          0x00000000        0x0 c:/program files/microchip/xc32/v3.01/bin/bin/../../lib/gcc/pic32c/8.3.1/thumb/v7e-m+fp/hard/crtn.o

.text%z15       0x00000000        0x0
 .text          0x00000000        0x0 c:/program files/microchip/xc32/v3.01/bin/bin/../../lib/gcc/pic32c/8.3.1/thumb/v7e-m+fp/hard/crtend.o

.text%z16       0x00000000        0x0
 .text          0x00000000        0x0 c:/program files/microchip/xc32/v3.01/bin/bin/../../lib/gcc/pic32c/8.3.1/../../../../pic32c/lib/thumb/v7e-m+fp/hard\libc_nano.a(lib_a-init.o)

.text%z17       0x00000000        0x0
 .text          0x00000000        0x0 c:/program files/microchip/xc32/v3.01/bin/bin/../../lib/gcc/pic32c/8.3.1/../../../../pic32c/lib/thumb/v7e-m+fp/hard\libpic32c.a(data_init.o)

.text%z18       0x00000000        0x0
 .text          0x00000000        0x0 c:/program files/microchip/xc32/v3.01/bin/bin/../../lib/gcc/pic32c/8.3.1/thumb/v7e-m+fp/hard/crti.o
